pages/auth/AuthPage.tsx(5,23): error TS2307: Cannot find module '../../assets/logo.png' or its corresponding type declarations.
pages/staff/index.ts(4,43): error TS2307: Cannot find module './PostManagement' or its corresponding type declarations.
services/geocodingService.ts(66,37): error TS2339: Property 'env' does not exist on type 'ImportMeta'.
services/orderService.ts(341,45): error TS2339: Property 'title' does not exist on type '{ status?: string; }'.
services/orderService.ts(343,51): error TS2339: Property 'description' does not exist on type '{ status?: string; }'.
services/orderService.ts(344,49): error TS2339: Property 'createdAt' does not exist on type '{ status?: string; }'.
